{"event": "command", "command": ["/home/Liang_junnan/miniconda3/bin/python", "scripts/run_fused_lm_nc_prefix_compression.py", "--run-dir", "outputs/dna_megabyte_large_opengenome2_9", "--checkpoint-tag", "best", "--source-file", "datasets/DNACorpus/AeCa", "--source-format", "raw", "--output-json", "outputs/fused_lm_nc_prefix_dnacorpus_full_streaming_token_v1_direct/per_species/AeCa.json", "--device", "cuda:1", "--dtype", "float16", "--batch-size", "8192", "--pipeline-mode", "streaming_token_encode_overlap", "--nc-prefix-window-bases", "3072", "--nc-prefix-min-windows", "8192", "--nc-prefix-hash-bucket-count", "0", "--fusion-eta", "0.05", "--fusion-initial-lm-weight", "0.5", "--skip-codec-baselines"], "device": "cuda:1"}
{
  "output_json": "outputs/fused_lm_nc_prefix_dnacorpus_full_streaming_token_v1_direct/per_species/AeCa.json",
  "codec": "fused_lm_nc_prefix",
  "pipeline_mode": "streaming_token_encode_overlap",
  "decodable_design": "encoder_only_lm_token_ahead_overlap_native_ordered_commit",
  "decoder_realistic": false,
  "encoder_overlap_enabled": true,
  "encode_arithmetic": true,
  "alphabet": "ACGT",
  "sample_bases": 1591049,
  "core_base_count": 1591047,
  "tail_base_count": 2,
  "tail_side_info_bits": 4,
  "filtered_out_bases": 0,
  "window_count": 518,
  "batch_count": 1,
  "batch_size": 8192,
  "batch_window_counts": [
    518
  ],
  "token_merge_size": 3,
  "tokens_per_window": 1024,
  "window_bases": 3072,
  "lm_seq_length": 1024,
  "model_uses_ascii_tokens": false,
  "model_token_alphabet": "ACGTN",
  "fusion_policy": "online_hedge_linear_native",
  "fusion_eta": 0.05,
  "fusion_initial_lm_weight": 0.5,
  "fusion_final_mean_lm_weight": 0.7807802391820776,
  "diagnostics_collected": true,
  "theoretical_bits": 2818429.0067252805,
  "core_model_theoretical_bits": 2818425.0067252805,
  "theoretical_bits_per_base": 1.771428162630617,
  "core_theoretical_bits_per_base": 1.771427875308071,
  "lm_only_theoretical_bits": 2817885.701821362,
  "lm_only_theoretical_bits_per_base": 1.7710889130373662,
  "nc_prefix_only_theoretical_bits": 3066201.1168896803,
  "nc_prefix_only_theoretical_bits_per_base": 1.9271593591450662,
  "arithmetic_coded_bytes": 352591,
  "arithmetic_bits_per_base": 1.7728731170441638,
  "arithmetic_stream_count": 518,
  "emitted_arithmetic_symbol_count": 1591047,
  "compression_process_seconds": 16.5600532389999,
  "compression_core_seconds": 16.23407354900064,
  "compression_bases_per_second": 96077.52928311765,
  "model_seconds": 12.656962608009962,
  "lm_factorize_seconds": 2.435487128988825,
  "lm_probability_transfer_seconds": 0.10487864297829219,
  "native_fused_encode_seconds_observed": 4.928146399009165,
  "native_fused_encode_seconds": 4.906522195999994,
  "native_finish_seconds": 0.00015025500000000002,
  "streaming_async_enabled": true,
  "streaming_async_jobs": 1024,
  "streaming_cpu_wait_for_gpu_seconds": 0.5768143329942177,
  "streaming_gpu_queue_wait_seconds": 0.22751893900294817,
  "streaming_ring_buffer_depth_tokens": 2,
  "nc_predict_wait_seconds": null,
  "lm_wait_seconds": null,
  "fusion_update_seconds": null,
  "nc_predict_seconds": null,
  "pipeline_depth_lag_max": 0,
  "nc_prefix_prepare_seconds": 0.0,
  "nc_prefix_predict_seconds": null,
  "fusion_seconds": null,
  "arithmetic_quantize_seconds": null,
  "arithmetic_range_seconds": null,
  "nc_prefix_backend": "streaming_token_native",
  "nc_prefix_metadata": {
    "batch_scope": "per_window_batch_independent_nc_prefix_state",
    "batch_count": 1,
    "batch_size": 8192,
    "tail_batch_window_count": 518,
    "hash_bucket_count_config": 0,
    "chunk_summaries": [
      {
        "chunk_index": 0,
        "window_start": 0,
        "window_end": 518,
        "window_count": 518,
        "core_bases": 1591047,
        "arithmetic_coded_bytes": 352590,
        "emitted_arithmetic_symbol_count": 1591047,
        "fusion_final_mean_lm_weight": 0.7807802391820776,
        "diagnostics_collected": true,
        "core_theoretical_bits_per_base": 1.771427875308071,
        "lm_only_theoretical_bits_per_base": 1.7710889130373662,
        "nc_prefix_only_theoretical_bits_per_base": 1.9271593591450662,
        "model_seconds": 12.656962608009962,
        "lm_factorize_seconds": 2.435487128988825,
        "lm_probability_transfer_seconds": 0.10487864297829219,
        "native_fused_encode_seconds_observed": 4.928146399009165,
        "native_fused_encode_seconds": 4.906522195999994,
        "native_finish_seconds": 0.00015025500000000002,
        "streaming_async_jobs": 1024,
        "streaming_gpu_queue_wait_seconds": 0.22751893900294817,
        "nc_prefix_window_count": 518,
        "nc_prefix_hash_bucket_count": 33554471,
        "nc_prefix_pipeline_block_windows": 64
      }
    ]
  },
  "arithmetic_frequency_total": 32768,
  "arithmetic_vocab_size": 4,
  "arithmetic_target_uniform_mass": 0.01,
  "arithmetic_effective_uniform_mass": 0.0001220703125,
  "compression_max_memory_allocated_gb": 1.9872326850891113,
  "compression_memory_reserved_gb": 5.099609375,
  "ascii_bytes": 1591049,
  "two_bit_pack_bytes": 397763,
  "gzip_bytes": null,
  "bz2_bytes": null,
  "lzma_bytes": null,
  "run_dir": "outputs/dna_megabyte_large_opengenome2_9",
  "checkpoint": "outputs/dna_megabyte_large_opengenome2_9/best.pt",
  "checkpoint_metadata": {
    "step": 5600000,
    "best_val_bpb": 1.6551569191473623,
    "epoch": 1,
    "data_state": {
      "schema_version": 1,
      "train": {
        "dataset_kind": "indexed_source_batch_stream",
        "completed_global_steps": 5600000,
        "batches_per_epoch": 6951890,
        "current_epoch_index": 0,
        "current_epoch": 1,
        "current_batch_index_in_epoch": 5599999,
        "next_epoch_index": 0,
        "next_epoch": 1,
        "next_batch_index_in_epoch": 5600000
      }
    }
  },
  "source_file": "datasets/DNACorpus/AeCa",
  "source_format": "raw",
  "device": "cuda:1",
  "dtype": "float16",
  "max_bases": null,
  "fast_runtime": false,
  "skip_codec_baselines": true
}
