{"event": "command", "command": ["/home/Liang_junnan/miniconda3/bin/python", "scripts/run_fused_lm_nc_prefix_compression.py", "--run-dir", "outputs/dna_megabyte_large_opengenome2_9", "--checkpoint-tag", "best", "--source-file", "datasets/DNACorpus/AnCa", "--source-format", "raw", "--output-json", "outputs/fused_lm_nc_prefix_dnacorpus_full_streaming_token_v1_direct/per_species/AnCa.json", "--device", "cuda:1", "--dtype", "float16", "--batch-size", "8192", "--pipeline-mode", "streaming_token_encode_overlap", "--nc-prefix-window-bases", "3072", "--nc-prefix-min-windows", "8192", "--nc-prefix-hash-bucket-count", "0", "--fusion-eta", "0.05", "--fusion-initial-lm-weight", "0.5", "--skip-codec-baselines"], "device": "cuda:1"}
{
  "output_json": "outputs/fused_lm_nc_prefix_dnacorpus_full_streaming_token_v1_direct/per_species/AnCa.json",
  "codec": "fused_lm_nc_prefix",
  "pipeline_mode": "streaming_token_encode_overlap",
  "decodable_design": "encoder_only_lm_token_ahead_overlap_native_ordered_commit",
  "decoder_realistic": false,
  "encoder_overlap_enabled": true,
  "encode_arithmetic": true,
  "alphabet": "ACGT",
  "sample_bases": 142189675,
  "core_base_count": 142189674,
  "tail_base_count": 1,
  "tail_side_info_bits": 2,
  "filtered_out_bases": 0,
  "window_count": 46286,
  "batch_count": 6,
  "batch_size": 8192,
  "batch_window_counts": [
    8192,
    8192,
    8192,
    8192,
    8192,
    5326
  ],
  "token_merge_size": 3,
  "tokens_per_window": 1024,
  "window_bases": 3072,
  "lm_seq_length": 1024,
  "model_uses_ascii_tokens": false,
  "model_token_alphabet": "ACGTN",
  "fusion_policy": "online_hedge_linear_native",
  "fusion_eta": 0.05,
  "fusion_initial_lm_weight": 0.5,
  "fusion_final_mean_lm_weight": 0.39048828760352966,
  "diagnostics_collected": true,
  "theoretical_bits": 227427195.3057447,
  "core_model_theoretical_bits": 227427193.3057447,
  "theoretical_bits_per_base": 1.5994635004668567,
  "core_theoretical_bits_per_base": 1.5994634976499398,
  "lm_only_theoretical_bits": 264357238.54586768,
  "lm_only_theoretical_bits_per_base": 1.8591873172581272,
  "nc_prefix_only_theoretical_bits": 229819489.1642388,
  "nc_prefix_only_theoretical_bits_per_base": 1.6162881783120118,
  "arithmetic_coded_bytes": 28454689,
  "arithmetic_bits_per_base": 1.6009426282182584,
  "arithmetic_stream_count": 46286,
  "emitted_arithmetic_symbol_count": 142189674,
  "compression_process_seconds": 229.25227085200004,
  "compression_core_seconds": 191.8846496770002,
  "compression_bases_per_second": 620232.3513375113,
  "model_seconds": 146.55228476698994,
  "lm_factorize_seconds": 17.07074188108163,
  "lm_probability_transfer_seconds": 0.8030799939679127,
  "native_fused_encode_seconds_observed": 143.15863588802495,
  "native_fused_encode_seconds": 142.931961903,
  "native_finish_seconds": 0.015845456,
  "streaming_async_enabled": true,
  "streaming_async_jobs": 6144,
  "streaming_cpu_wait_for_gpu_seconds": 4.759660681026617,
  "streaming_gpu_queue_wait_seconds": 22.688168450973535,
  "streaming_ring_buffer_depth_tokens": 2,
  "nc_predict_wait_seconds": null,
  "lm_wait_seconds": null,
  "fusion_update_seconds": null,
  "nc_predict_seconds": null,
  "pipeline_depth_lag_max": 0,
  "nc_prefix_prepare_seconds": 0.0,
  "nc_prefix_predict_seconds": null,
  "fusion_seconds": null,
  "arithmetic_quantize_seconds": null,
  "arithmetic_range_seconds": null,
  "nc_prefix_backend": "streaming_token_native",
  "nc_prefix_metadata": {
    "batch_scope": "per_window_batch_independent_nc_prefix_state",
    "batch_count": 6,
    "batch_size": 8192,
    "tail_batch_window_count": 5326,
    "hash_bucket_count_config": 0,
    "chunk_summaries": [
      {
        "chunk_index": 0,
        "window_start": 0,
        "window_end": 8192,
        "window_count": 8192,
        "core_bases": 25165824,
        "arithmetic_coded_bytes": 5114556,
        "emitted_arithmetic_symbol_count": 25165824,
        "fusion_final_mean_lm_weight": 0.4000107389966946,
        "diagnostics_collected": true,
        "core_theoretical_bits_per_base": 1.624389862425623,
        "lm_only_theoretical_bits_per_base": 1.8631033846358587,
        "nc_prefix_only_theoretical_bits_per_base": 1.6410605959721332,
        "model_seconds": 26.089811445988744,
        "lm_factorize_seconds": 3.0093008440117046,
        "lm_probability_transfer_seconds": 0.13761479498589324,
        "native_fused_encode_seconds_observed": 25.059311473005437,
        "native_fused_encode_seconds": 25.010433876999972,
        "native_finish_seconds": 0.0031654590000000002,
        "streaming_async_jobs": 1024,
        "streaming_gpu_queue_wait_seconds": 3.595310089010127,
        "nc_prefix_window_count": 8192,
        "nc_prefix_hash_bucket_count": 33554471,
        "nc_prefix_pipeline_block_windows": 64
      },
      {
        "chunk_index": 1,
        "window_start": 8192,
        "window_end": 16384,
        "window_count": 8192,
        "core_bases": 25165824,
        "arithmetic_coded_bytes": 5182186,
        "emitted_arithmetic_symbol_count": 25165824,
        "fusion_final_mean_lm_weight": 0.41364214903079943,
        "diagnostics_collected": true,
        "core_theoretical_bits_per_base": 1.6458979904096347,
        "lm_only_theoretical_bits_per_base": 1.862266526348746,
        "nc_prefix_only_theoretical_bits_per_base": 1.6624662019990446,
        "model_seconds": 24.551104273997225,
        "lm_factorize_seconds": 2.6972141319984075,
        "lm_probability_transfer_seconds": 0.13446454100176197,
        "native_fused_encode_seconds_observed": 25.11425552401306,
        "native_fused_encode_seconds": 25.079241631000016,
        "native_finish_seconds": 0.002355704,
        "streaming_async_jobs": 1024,
        "streaming_gpu_queue_wait_seconds": 4.511312422984702,
        "nc_prefix_window_count": 8192,
        "nc_prefix_hash_bucket_count": 33554471,
        "nc_prefix_pipeline_block_windows": 64
      },
      {
        "chunk_index": 2,
        "window_start": 16384,
        "window_end": 24576,
        "window_count": 8192,
        "core_bases": 25165824,
        "arithmetic_coded_bytes": 4974831,
        "emitted_arithmetic_symbol_count": 25165824,
        "fusion_final_mean_lm_weight": 0.38623069353935824,
        "diagnostics_collected": true,
        "core_theoretical_bits_per_base": 1.5799781701393911,
        "lm_only_theoretical_bits_per_base": 1.8577039382642637,
        "nc_prefix_only_theoretical_bits_per_base": 1.59641076755747,
        "model_seconds": 27.976304902988886,
        "lm_factorize_seconds": 3.2570723029984947,
        "lm_probability_transfer_seconds": 0.13845460000993626,
        "native_fused_encode_seconds_observed": 25.076836661993184,
        "native_fused_encode_seconds": 25.04140021300003,
        "native_finish_seconds": 0.0027761170000000003,
        "streaming_async_jobs": 1024,
        "streaming_gpu_queue_wait_seconds": 3.6028750519881214,
        "nc_prefix_window_count": 8192,
        "nc_prefix_hash_bucket_count": 33554471,
        "nc_prefix_pipeline_block_windows": 64
      },
      {
        "chunk_index": 3,
        "window_start": 24576,
        "window_end": 32768,
        "window_count": 8192,
        "core_bases": 25165824,
        "arithmetic_coded_bytes": 4883003,
        "emitted_arithmetic_symbol_count": 25165824,
        "fusion_final_mean_lm_weight": 0.36227078685598413,
        "diagnostics_collected": true,
        "core_theoretical_bits_per_base": 1.5507932151809545,
        "lm_only_theoretical_bits_per_base": 1.8567233254061064,
        "nc_prefix_only_theoretical_bits_per_base": 1.5672490578126046,
        "model_seconds": 25.16941748800855,
        "lm_factorize_seconds": 2.8015560700087008,
        "lm_probability_transfer_seconds": 0.1350815890082231,
        "native_fused_encode_seconds_observed": 25.698638365006445,
        "native_fused_encode_seconds": 25.656824634999982,
        "native_finish_seconds": 0.002703074,
        "streaming_async_jobs": 1024,
        "streaming_gpu_queue_wait_seconds": 4.504945779990521,
        "nc_prefix_window_count": 8192,
        "nc_prefix_hash_bucket_count": 33554471,
        "nc_prefix_pipeline_block_windows": 64
      },
      {
        "chunk_index": 4,
        "window_start": 32768,
        "window_end": 40960,
        "window_count": 8192,
        "core_bases": 25165824,
        "arithmetic_coded_bytes": 4988334,
        "emitted_arithmetic_symbol_count": 25165824,
        "fusion_final_mean_lm_weight": 0.38389474467580353,
        "diagnostics_collected": true,
        "core_theoretical_bits_per_base": 1.584260349893775,
        "lm_only_theoretical_bits_per_base": 1.8559211410220404,
        "nc_prefix_only_theoretical_bits_per_base": 1.6011414194870053,
        "model_seconds": 24.59572844199738,
        "lm_factorize_seconds": 2.7042852020213104,
        "lm_probability_transfer_seconds": 0.13281621298301616,
        "native_fused_encode_seconds_observed": 25.061508820002018,
        "native_fused_encode_seconds": 25.021247331999998,
        "native_finish_seconds": 0.0025979310000000004,
        "streaming_async_jobs": 1024,
        "streaming_gpu_queue_wait_seconds": 4.498168676993373,
        "nc_prefix_window_count": 8192,
        "nc_prefix_hash_bucket_count": 33554471,
        "nc_prefix_pipeline_block_windows": 64
      },
      {
        "chunk_index": 5,
        "window_start": 40960,
        "window_end": 46286,
        "window_count": 5326,
        "core_bases": 16360554,
        "arithmetic_coded_bytes": 3311778,
        "emitted_arithmetic_symbol_count": 16360554,
        "fusion_final_mean_lm_weight": 0.400320417858227,
        "diagnostics_collected": true,
        "core_theoretical_bits_per_base": 1.6179186822855471,
        "lm_only_theoretical_bits_per_base": 1.8595230613806517,
        "nc_prefix_only_theoretical_bits_per_base": 1.6364583781306183,
        "model_seconds": 18.169918214009158,
        "lm_factorize_seconds": 2.6013133300430127,
        "lm_probability_transfer_seconds": 0.12464825597908202,
        "native_fused_encode_seconds_observed": 17.1480850440048,
        "native_fused_encode_seconds": 17.122814215,
        "native_finish_seconds": 0.002247171,
        "streaming_async_jobs": 1024,
        "streaming_gpu_queue_wait_seconds": 1.9755564300066908,
        "nc_prefix_window_count": 5326,
        "nc_prefix_hash_bucket_count": 33554471,
        "nc_prefix_pipeline_block_windows": 64
      }
    ]
  },
  "arithmetic_frequency_total": 32768,
  "arithmetic_vocab_size": 4,
  "arithmetic_target_uniform_mass": 0.01,
  "arithmetic_effective_uniform_mass": 0.0001220703125,
  "compression_max_memory_allocated_gb": 6.049353122711182,
  "compression_memory_reserved_gb": 10.650390625,
  "ascii_bytes": 142189675,
  "two_bit_pack_bytes": 35547419,
  "gzip_bytes": null,
  "bz2_bytes": null,
  "lzma_bytes": null,
  "run_dir": "outputs/dna_megabyte_large_opengenome2_9",
  "checkpoint": "outputs/dna_megabyte_large_opengenome2_9/best.pt",
  "checkpoint_metadata": {
    "step": 5600000,
    "best_val_bpb": 1.6551569191473623,
    "epoch": 1,
    "data_state": {
      "schema_version": 1,
      "train": {
        "dataset_kind": "indexed_source_batch_stream",
        "completed_global_steps": 5600000,
        "batches_per_epoch": 6951890,
        "current_epoch_index": 0,
        "current_epoch": 1,
        "current_batch_index_in_epoch": 5599999,
        "next_epoch_index": 0,
        "next_epoch": 1,
        "next_batch_index_in_epoch": 5600000
      }
    }
  },
  "source_file": "datasets/DNACorpus/AnCa",
  "source_format": "raw",
  "device": "cuda:1",
  "dtype": "float16",
  "max_bases": null,
  "fast_runtime": false,
  "skip_codec_baselines": true
}
