{"event": "command", "command": ["/home/Liang_junnan/miniconda3/bin/python", "scripts/run_fused_lm_nc_prefix_compression.py", "--run-dir", "outputs/dna_megabyte_large_opengenome2_9", "--checkpoint-tag", "best", "--source-file", "datasets/DNACorpus/DrMe", "--source-format", "raw", "--output-json", "outputs/fused_lm_nc_prefix_dnacorpus_full_streaming_token_v1_direct/per_species/DrMe.json", "--device", "cuda:1", "--dtype", "float16", "--batch-size", "8192", "--pipeline-mode", "streaming_token_encode_overlap", "--nc-prefix-window-bases", "3072", "--nc-prefix-min-windows", "8192", "--nc-prefix-hash-bucket-count", "0", "--fusion-eta", "0.05", "--fusion-initial-lm-weight", "0.5", "--skip-codec-baselines"], "device": "cuda:1"}
{
  "output_json": "outputs/fused_lm_nc_prefix_dnacorpus_full_streaming_token_v1_direct/per_species/DrMe.json",
  "codec": "fused_lm_nc_prefix",
  "pipeline_mode": "streaming_token_encode_overlap",
  "decodable_design": "encoder_only_lm_token_ahead_overlap_native_ordered_commit",
  "decoder_realistic": false,
  "encoder_overlap_enabled": true,
  "encode_arithmetic": true,
  "alphabet": "ACGT",
  "sample_bases": 32181429,
  "core_base_count": 32181429,
  "tail_base_count": 0,
  "tail_side_info_bits": 0,
  "filtered_out_bases": 0,
  "window_count": 10476,
  "batch_count": 2,
  "batch_size": 8192,
  "batch_window_counts": [
    8192,
    2284
  ],
  "token_merge_size": 3,
  "tokens_per_window": 1024,
  "window_bases": 3072,
  "lm_seq_length": 1024,
  "model_uses_ascii_tokens": false,
  "model_token_alphabet": "ACGTN",
  "fusion_policy": "online_hedge_linear_native",
  "fusion_eta": 0.05,
  "fusion_initial_lm_weight": 0.5,
  "fusion_final_mean_lm_weight": 0.5737071529500772,
  "diagnostics_collected": true,
  "theoretical_bits": 58589424.52718966,
  "core_model_theoretical_bits": 58589424.52718966,
  "theoretical_bits_per_base": 1.820597355300464,
  "core_theoretical_bits_per_base": 1.820597355300464,
  "lm_only_theoretical_bits": 60540770.03555809,
  "lm_only_theoretical_bits_per_base": 1.8812331185031619,
  "nc_prefix_only_theoretical_bits": 60107491.76969209,
  "nc_prefix_only_theoretical_bits_per_base": 1.8677695067453994,
  "arithmetic_coded_bytes": 7329607,
  "arithmetic_bits_per_base": 1.8220712324490003,
  "arithmetic_stream_count": 10476,
  "emitted_arithmetic_symbol_count": 32181429,
  "compression_process_seconds": 60.48019624400058,
  "compression_core_seconds": 53.572069451999596,
  "compression_bases_per_second": 532098.6206818448,
  "model_seconds": 38.90280189798614,
  "lm_factorize_seconds": 7.138379349984461,
  "lm_probability_transfer_seconds": 0.2536302469916336,
  "native_fused_encode_seconds_observed": 34.77545614396968,
  "native_fused_encode_seconds": 34.71582320499997,
  "native_finish_seconds": 0.003928617000000001,
  "streaming_async_enabled": true,
  "streaming_async_jobs": 2048,
  "streaming_cpu_wait_for_gpu_seconds": 1.8360493849468185,
  "streaming_gpu_queue_wait_seconds": 5.722439545014822,
  "streaming_ring_buffer_depth_tokens": 2,
  "nc_predict_wait_seconds": null,
  "lm_wait_seconds": null,
  "fusion_update_seconds": null,
  "nc_predict_seconds": null,
  "pipeline_depth_lag_max": 0,
  "nc_prefix_prepare_seconds": 0.0,
  "nc_prefix_predict_seconds": null,
  "fusion_seconds": null,
  "arithmetic_quantize_seconds": null,
  "arithmetic_range_seconds": null,
  "nc_prefix_backend": "streaming_token_native",
  "nc_prefix_metadata": {
    "batch_scope": "per_window_batch_independent_nc_prefix_state",
    "batch_count": 2,
    "batch_size": 8192,
    "tail_batch_window_count": 2284,
    "hash_bucket_count_config": 0,
    "chunk_summaries": [
      {
        "chunk_index": 0,
        "window_start": 0,
        "window_end": 8192,
        "window_count": 8192,
        "core_bases": 25165824,
        "arithmetic_coded_bytes": 5715805,
        "emitted_arithmetic_symbol_count": 25165824,
        "fusion_final_mean_lm_weight": 0.5670101723199454,
        "diagnostics_collected": true,
        "core_theoretical_bits_per_base": 1.8155261095028086,
        "lm_only_theoretical_bits_per_base": 1.8801770394202137,
        "nc_prefix_only_theoretical_bits_per_base": 1.8616360843376347,
        "model_seconds": 24.65917387900481,
        "lm_factorize_seconds": 2.8024519980008336,
        "lm_probability_transfer_seconds": 0.1382740800090687,
        "native_fused_encode_seconds_observed": 25.100505933983186,
        "native_fused_encode_seconds": 25.06689040599997,
        "native_finish_seconds": 0.003056815,
        "streaming_async_jobs": 1024,
        "streaming_gpu_queue_wait_seconds": 4.476235984993764,
        "nc_prefix_window_count": 8192,
        "nc_prefix_hash_bucket_count": 33554471,
        "nc_prefix_pipeline_block_windows": 64
      },
      {
        "chunk_index": 1,
        "window_start": 8192,
        "window_end": 10476,
        "window_count": 2284,
        "core_bases": 7015605,
        "arithmetic_coded_bytes": 1613802,
        "emitted_arithmetic_symbol_count": 7015605,
        "fusion_final_mean_lm_weight": 0.5977271465236498,
        "diagnostics_collected": true,
        "core_theoretical_bits_per_base": 1.8387885275806226,
        "lm_only_theoretical_bits_per_base": 1.8850214019557723,
        "nc_prefix_only_theoretical_bits_per_base": 1.889770835045875,
        "model_seconds": 14.243628018981326,
        "lm_factorize_seconds": 4.335927351983628,
        "lm_probability_transfer_seconds": 0.1153561669825649,
        "native_fused_encode_seconds_observed": 9.674950209986491,
        "native_fused_encode_seconds": 9.648932799,
        "native_finish_seconds": 0.0008718020000000001,
        "streaming_async_jobs": 1024,
        "streaming_gpu_queue_wait_seconds": 1.2462035600210584,
        "nc_prefix_window_count": 2284,
        "nc_prefix_hash_bucket_count": 33554471,
        "nc_prefix_pipeline_block_windows": 64
      }
    ]
  },
  "arithmetic_frequency_total": 32768,
  "arithmetic_vocab_size": 4,
  "arithmetic_target_uniform_mass": 0.01,
  "arithmetic_effective_uniform_mass": 0.0001220703125,
  "compression_max_memory_allocated_gb": 6.048376560211182,
  "compression_memory_reserved_gb": 10.6875,
  "ascii_bytes": 32181429,
  "two_bit_pack_bytes": 8045358,
  "gzip_bytes": null,
  "bz2_bytes": null,
  "lzma_bytes": null,
  "run_dir": "outputs/dna_megabyte_large_opengenome2_9",
  "checkpoint": "outputs/dna_megabyte_large_opengenome2_9/best.pt",
  "checkpoint_metadata": {
    "step": 5600000,
    "best_val_bpb": 1.6551569191473623,
    "epoch": 1,
    "data_state": {
      "schema_version": 1,
      "train": {
        "dataset_kind": "indexed_source_batch_stream",
        "completed_global_steps": 5600000,
        "batches_per_epoch": 6951890,
        "current_epoch_index": 0,
        "current_epoch": 1,
        "current_batch_index_in_epoch": 5599999,
        "next_epoch_index": 0,
        "next_epoch": 1,
        "next_batch_index_in_epoch": 5600000
      }
    }
  },
  "source_file": "datasets/DNACorpus/DrMe",
  "source_format": "raw",
  "device": "cuda:1",
  "dtype": "float16",
  "max_bases": null,
  "fast_runtime": false,
  "skip_codec_baselines": true
}
