{"event": "command", "command": ["/home/Liang_junnan/miniconda3/bin/python", "scripts/run_fused_lm_nc_prefix_compression.py", "--run-dir", "outputs/dna_megabyte_large_opengenome2_9", "--checkpoint-tag", "best", "--source-file", "datasets/DNACorpus/EnIn", "--source-format", "raw", "--output-json", "outputs/fused_lm_nc_prefix_dnacorpus_full_streaming_token_v1_direct/per_species/EnIn.json", "--device", "cuda:1", "--dtype", "float16", "--batch-size", "8192", "--pipeline-mode", "streaming_token_encode_overlap", "--nc-prefix-window-bases", "3072", "--nc-prefix-min-windows", "8192", "--nc-prefix-hash-bucket-count", "0", "--fusion-eta", "0.05", "--fusion-initial-lm-weight", "0.5", "--skip-codec-baselines"], "device": "cuda:1"}
{
  "output_json": "outputs/fused_lm_nc_prefix_dnacorpus_full_streaming_token_v1_direct/per_species/EnIn.json",
  "codec": "fused_lm_nc_prefix",
  "pipeline_mode": "streaming_token_encode_overlap",
  "decodable_design": "encoder_only_lm_token_ahead_overlap_native_ordered_commit",
  "decoder_realistic": false,
  "encoder_overlap_enabled": true,
  "encode_arithmetic": true,
  "alphabet": "ACGT",
  "sample_bases": 26403087,
  "core_base_count": 26403087,
  "tail_base_count": 0,
  "tail_side_info_bits": 0,
  "filtered_out_bases": 0,
  "window_count": 8595,
  "batch_count": 2,
  "batch_size": 8192,
  "batch_window_counts": [
    8192,
    403
  ],
  "token_merge_size": 3,
  "tokens_per_window": 1024,
  "window_bases": 3072,
  "lm_seq_length": 1024,
  "model_uses_ascii_tokens": false,
  "model_token_alphabet": "ACGTN",
  "fusion_policy": "online_hedge_linear_native",
  "fusion_eta": 0.05,
  "fusion_initial_lm_weight": 0.5,
  "fusion_final_mean_lm_weight": 0.3597368057282436,
  "diagnostics_collected": true,
  "theoretical_bits": 41334107.24439916,
  "core_model_theoretical_bits": 41334107.24439916,
  "theoretical_bits_per_base": 1.5655028233781587,
  "core_theoretical_bits_per_base": 1.5655028233781587,
  "lm_only_theoretical_bits": 49712864.23620998,
  "lm_only_theoretical_bits_per_base": 1.8828428750096524,
  "nc_prefix_only_theoretical_bits": 42032315.527136646,
  "nc_prefix_only_theoretical_bits_per_base": 1.5919470146478192,
  "arithmetic_coded_bytes": 5171656,
  "arithmetic_bits_per_base": 1.5669852544136222,
  "arithmetic_stream_count": 8595,
  "emitted_arithmetic_symbol_count": 26403087,
  "compression_process_seconds": 57.138314017000084,
  "compression_core_seconds": 50.5644965499996,
  "compression_bases_per_second": 462090.76088847173,
  "model_seconds": 37.66021397603072,
  "lm_factorize_seconds": 6.528550196018841,
  "lm_probability_transfer_seconds": 0.24695829195297847,
  "native_fused_encode_seconds_observed": 29.60403703404336,
  "native_fused_encode_seconds": 29.550107842000006,
  "native_finish_seconds": 0.00309397,
  "streaming_async_enabled": true,
  "streaming_async_jobs": 2048,
  "streaming_cpu_wait_for_gpu_seconds": 1.7281938690175593,
  "streaming_gpu_queue_wait_seconds": 4.589420844988126,
  "streaming_ring_buffer_depth_tokens": 2,
  "nc_predict_wait_seconds": null,
  "lm_wait_seconds": null,
  "fusion_update_seconds": null,
  "nc_predict_seconds": null,
  "pipeline_depth_lag_max": 0,
  "nc_prefix_prepare_seconds": 0.0,
  "nc_prefix_predict_seconds": null,
  "fusion_seconds": null,
  "arithmetic_quantize_seconds": null,
  "arithmetic_range_seconds": null,
  "nc_prefix_backend": "streaming_token_native",
  "nc_prefix_metadata": {
    "batch_scope": "per_window_batch_independent_nc_prefix_state",
    "batch_count": 2,
    "batch_size": 8192,
    "tail_batch_window_count": 403,
    "hash_bucket_count_config": 0,
    "chunk_summaries": [
      {
        "chunk_index": 0,
        "window_start": 0,
        "window_end": 8192,
        "window_count": 8192,
        "core_bases": 25165824,
        "arithmetic_coded_bytes": 4888654,
        "emitted_arithmetic_symbol_count": 25165824,
        "fusion_final_mean_lm_weight": 0.35027037933575694,
        "diagnostics_collected": true,
        "core_theoretical_bits_per_base": 1.552580889836607,
        "lm_only_theoretical_bits_per_base": 1.882906480221445,
        "nc_prefix_only_theoretical_bits_per_base": 1.5782518702917991,
        "model_seconds": 24.6281915120162,
        "lm_factorize_seconds": 2.7862405820123968,
        "lm_probability_transfer_seconds": 0.1383670089817315,
        "native_fused_encode_seconds_observed": 25.185667097008263,
        "native_fused_encode_seconds": 25.153245887000008,
        "native_finish_seconds": 0.002977987,
        "streaming_async_jobs": 1024,
        "streaming_gpu_queue_wait_seconds": 4.524981712002045,
        "nc_prefix_window_count": 8192,
        "nc_prefix_hash_bucket_count": 33554471,
        "nc_prefix_pipeline_block_windows": 64
      },
      {
        "chunk_index": 1,
        "window_start": 8192,
        "window_end": 8595,
        "window_count": 403,
        "core_bases": 1237263,
        "arithmetic_coded_bytes": 283002,
        "emitted_arithmetic_symbol_count": 1237263,
        "fusion_final_mean_lm_weight": 0.5521659992946226,
        "diagnostics_collected": true,
        "core_theoretical_bits_per_base": 1.8283338506103548,
        "lm_only_theoretical_bits_per_base": 1.8815491504212243,
        "nc_prefix_only_theoretical_bits_per_base": 1.8705050839654946,
        "model_seconds": 13.032022464014517,
        "lm_factorize_seconds": 3.7423096140064445,
        "lm_probability_transfer_seconds": 0.10859128297124698,
        "native_fused_encode_seconds_observed": 4.418369937035095,
        "native_fused_encode_seconds": 4.396861954999999,
        "native_finish_seconds": 0.000115983,
        "streaming_async_jobs": 1024,
        "streaming_gpu_queue_wait_seconds": 0.06443913298608095,
        "nc_prefix_window_count": 403,
        "nc_prefix_hash_bucket_count": 33554471,
        "nc_prefix_pipeline_block_windows": 64
      }
    ]
  },
  "arithmetic_frequency_total": 32768,
  "arithmetic_vocab_size": 4,
  "arithmetic_target_uniform_mass": 0.01,
  "arithmetic_effective_uniform_mass": 0.0001220703125,
  "compression_max_memory_allocated_gb": 6.048376560211182,
  "compression_memory_reserved_gb": 10.705078125,
  "ascii_bytes": 26403087,
  "two_bit_pack_bytes": 6600772,
  "gzip_bytes": null,
  "bz2_bytes": null,
  "lzma_bytes": null,
  "run_dir": "outputs/dna_megabyte_large_opengenome2_9",
  "checkpoint": "outputs/dna_megabyte_large_opengenome2_9/best.pt",
  "checkpoint_metadata": {
    "step": 5600000,
    "best_val_bpb": 1.6551569191473623,
    "epoch": 1,
    "data_state": {
      "schema_version": 1,
      "train": {
        "dataset_kind": "indexed_source_batch_stream",
        "completed_global_steps": 5600000,
        "batches_per_epoch": 6951890,
        "current_epoch_index": 0,
        "current_epoch": 1,
        "current_batch_index_in_epoch": 5599999,
        "next_epoch_index": 0,
        "next_epoch": 1,
        "next_batch_index_in_epoch": 5600000
      }
    }
  },
  "source_file": "datasets/DNACorpus/EnIn",
  "source_format": "raw",
  "device": "cuda:1",
  "dtype": "float16",
  "max_bases": null,
  "fast_runtime": false,
  "skip_codec_baselines": true
}
