{"event": "command", "command": ["/home/Liang_junnan/miniconda3/bin/python", "scripts/run_fused_lm_nc_prefix_compression.py", "--run-dir", "outputs/dna_megabyte_large_opengenome2_9", "--checkpoint-tag", "best", "--source-file", "datasets/DNACorpus/OrSa", "--source-format", "raw", "--output-json", "outputs/fused_lm_nc_prefix_dnacorpus_full_streaming_token_v1_direct/per_species/OrSa.json", "--device", "cuda:1", "--dtype", "float16", "--batch-size", "8192", "--pipeline-mode", "streaming_token_encode_overlap", "--nc-prefix-window-bases", "3072", "--nc-prefix-min-windows", "8192", "--nc-prefix-hash-bucket-count", "0", "--fusion-eta", "0.05", "--fusion-initial-lm-weight", "0.5", "--skip-codec-baselines"], "device": "cuda:1"}
{
  "output_json": "outputs/fused_lm_nc_prefix_dnacorpus_full_streaming_token_v1_direct/per_species/OrSa.json",
  "codec": "fused_lm_nc_prefix",
  "pipeline_mode": "streaming_token_encode_overlap",
  "decodable_design": "encoder_only_lm_token_ahead_overlap_native_ordered_commit",
  "decoder_realistic": false,
  "encoder_overlap_enabled": true,
  "encode_arithmetic": true,
  "alphabet": "ACGT",
  "sample_bases": 43262523,
  "core_base_count": 43262523,
  "tail_base_count": 0,
  "tail_side_info_bits": 0,
  "filtered_out_bases": 0,
  "window_count": 14083,
  "batch_count": 2,
  "batch_size": 8192,
  "batch_window_counts": [
    8192,
    5891
  ],
  "token_merge_size": 3,
  "tokens_per_window": 1024,
  "window_bases": 3072,
  "lm_seq_length": 1024,
  "model_uses_ascii_tokens": false,
  "model_token_alphabet": "ACGTN",
  "fusion_policy": "online_hedge_linear_native",
  "fusion_eta": 0.05,
  "fusion_initial_lm_weight": 0.5,
  "fusion_final_mean_lm_weight": 0.42328431100473707,
  "diagnostics_collected": true,
  "theoretical_bits": 69164285.34712136,
  "core_model_theoretical_bits": 69164285.34712136,
  "theoretical_bits_per_base": 1.598711322201929,
  "core_theoretical_bits_per_base": 1.598711322201929,
  "lm_only_theoretical_bits": 81074779.1873667,
  "lm_only_theoretical_bits_per_base": 1.8740187479904187,
  "nc_prefix_only_theoretical_bits": 70893282.44204047,
  "nc_prefix_only_theoretical_bits_per_base": 1.6386765617446877,
  "arithmetic_coded_bytes": 8653577,
  "arithmetic_bits_per_base": 1.6001983055865696,
  "arithmetic_stream_count": 14083,
  "emitted_arithmetic_symbol_count": 43262523,
  "compression_process_seconds": 67.74267814800078,
  "compression_core_seconds": 59.35312871399947,
  "compression_bases_per_second": 638630.2428947706,
  "model_seconds": 46.50339710394837,
  "lm_factorize_seconds": 5.582474409011411,
  "lm_probability_transfer_seconds": 0.26365739399625454,
  "native_fused_encode_seconds_observed": 42.846361708991026,
  "native_fused_encode_seconds": 42.784367278999994,
  "native_finish_seconds": 0.004251265000000001,
  "streaming_async_enabled": true,
  "streaming_async_jobs": 2048,
  "streaming_cpu_wait_for_gpu_seconds": 1.6050915269825055,
  "streaming_gpu_queue_wait_seconds": 5.518982218058227,
  "streaming_ring_buffer_depth_tokens": 2,
  "nc_predict_wait_seconds": null,
  "lm_wait_seconds": null,
  "fusion_update_seconds": null,
  "nc_predict_seconds": null,
  "pipeline_depth_lag_max": 0,
  "nc_prefix_prepare_seconds": 0.0,
  "nc_prefix_predict_seconds": null,
  "fusion_seconds": null,
  "arithmetic_quantize_seconds": null,
  "arithmetic_range_seconds": null,
  "nc_prefix_backend": "streaming_token_native",
  "nc_prefix_metadata": {
    "batch_scope": "per_window_batch_independent_nc_prefix_state",
    "batch_count": 2,
    "batch_size": 8192,
    "tail_batch_window_count": 5891,
    "hash_bucket_count_config": 0,
    "chunk_summaries": [
      {
        "chunk_index": 0,
        "window_start": 0,
        "window_end": 8192,
        "window_count": 8192,
        "core_bases": 25165824,
        "arithmetic_coded_bytes": 4876406,
        "emitted_arithmetic_symbol_count": 25165824,
        "fusion_final_mean_lm_weight": 0.3956579403192453,
        "diagnostics_collected": true,
        "core_theoretical_bits_per_base": 1.548681953860453,
        "lm_only_theoretical_bits_per_base": 1.8701184933916677,
        "nc_prefix_only_theoretical_bits_per_base": 1.5863601931550073,
        "model_seconds": 27.59698843399383,
        "lm_factorize_seconds": 3.2500774599939177,
        "lm_probability_transfer_seconds": 0.13944575302775775,
        "native_fused_encode_seconds_observed": 24.409305245011637,
        "native_fused_encode_seconds": 24.376686320000005,
        "native_finish_seconds": 0.002301028,
        "streaming_async_jobs": 1024,
        "streaming_gpu_queue_wait_seconds": 3.172863188037809,
        "nc_prefix_window_count": 8192,
        "nc_prefix_hash_bucket_count": 33554471,
        "nc_prefix_pipeline_block_windows": 64
      },
      {
        "chunk_index": 1,
        "window_start": 8192,
        "window_end": 14083,
        "window_count": 5891,
        "core_bases": 18096699,
        "arithmetic_coded_bytes": 3777171,
        "emitted_arithmetic_symbol_count": 18096699,
        "fusion_final_mean_lm_weight": 0.4617014267160847,
        "diagnostics_collected": true,
        "core_theoretical_bits_per_base": 1.6682836944070896,
        "lm_only_theoretical_bits_per_base": 1.8794425615150492,
        "nc_prefix_only_theoretical_bits_per_base": 1.7114293065545023,
        "model_seconds": 18.906408669954544,
        "lm_factorize_seconds": 2.332396949017493,
        "lm_probability_transfer_seconds": 0.1242116409684968,
        "native_fused_encode_seconds_observed": 18.43705646397939,
        "native_fused_encode_seconds": 18.407680958999986,
        "native_finish_seconds": 0.001950237,
        "streaming_async_jobs": 1024,
        "streaming_gpu_queue_wait_seconds": 2.346119030020418,
        "nc_prefix_window_count": 5891,
        "nc_prefix_hash_bucket_count": 33554471,
        "nc_prefix_pipeline_block_windows": 64
      }
    ]
  },
  "arithmetic_frequency_total": 32768,
  "arithmetic_vocab_size": 4,
  "arithmetic_target_uniform_mass": 0.01,
  "arithmetic_effective_uniform_mass": 0.0001220703125,
  "compression_max_memory_allocated_gb": 6.048376560211182,
  "compression_memory_reserved_gb": 10.650390625,
  "ascii_bytes": 43262523,
  "two_bit_pack_bytes": 10815631,
  "gzip_bytes": null,
  "bz2_bytes": null,
  "lzma_bytes": null,
  "run_dir": "outputs/dna_megabyte_large_opengenome2_9",
  "checkpoint": "outputs/dna_megabyte_large_opengenome2_9/best.pt",
  "checkpoint_metadata": {
    "step": 5600000,
    "best_val_bpb": 1.6551569191473623,
    "epoch": 1,
    "data_state": {
      "schema_version": 1,
      "train": {
        "dataset_kind": "indexed_source_batch_stream",
        "completed_global_steps": 5600000,
        "batches_per_epoch": 6951890,
        "current_epoch_index": 0,
        "current_epoch": 1,
        "current_batch_index_in_epoch": 5599999,
        "next_epoch_index": 0,
        "next_epoch": 1,
        "next_batch_index_in_epoch": 5600000
      }
    }
  },
  "source_file": "datasets/DNACorpus/OrSa",
  "source_format": "raw",
  "device": "cuda:1",
  "dtype": "float16",
  "max_bases": null,
  "fast_runtime": false,
  "skip_codec_baselines": true
}
