{"event": "command", "command": ["/home/Liang_junnan/miniconda3/bin/python", "scripts/run_fused_lm_nc_prefix_compression.py", "--run-dir", "outputs/dna_megabyte_large_opengenome2_9", "--checkpoint-tag", "best", "--source-file", "datasets/DNACorpus/YeMi", "--source-format", "raw", "--output-json", "outputs/fused_lm_nc_prefix_dnacorpus_full_streaming_token_v1_direct/per_species/YeMi.json", "--device", "cuda:1", "--dtype", "float16", "--batch-size", "8192", "--pipeline-mode", "streaming_token_encode_overlap", "--nc-prefix-window-bases", "3072", "--nc-prefix-min-windows", "8192", "--nc-prefix-hash-bucket-count", "0", "--fusion-eta", "0.05", "--fusion-initial-lm-weight", "0.5", "--skip-codec-baselines"], "device": "cuda:1"}
{
  "output_json": "outputs/fused_lm_nc_prefix_dnacorpus_full_streaming_token_v1_direct/per_species/YeMi.json",
  "codec": "fused_lm_nc_prefix",
  "pipeline_mode": "streaming_token_encode_overlap",
  "decodable_design": "encoder_only_lm_token_ahead_overlap_native_ordered_commit",
  "decoder_realistic": false,
  "encoder_overlap_enabled": true,
  "encode_arithmetic": true,
  "alphabet": "ACGT",
  "sample_bases": 73689,
  "core_base_count": 73689,
  "tail_base_count": 0,
  "tail_side_info_bits": 0,
  "filtered_out_bases": 0,
  "window_count": 24,
  "batch_count": 1,
  "batch_size": 8192,
  "batch_window_counts": [
    24
  ],
  "token_merge_size": 3,
  "tokens_per_window": 1024,
  "window_bases": 3072,
  "lm_seq_length": 1024,
  "model_uses_ascii_tokens": false,
  "model_token_alphabet": "ACGTN",
  "fusion_policy": "online_hedge_linear_native",
  "fusion_eta": 0.05,
  "fusion_initial_lm_weight": 0.5,
  "fusion_final_mean_lm_weight": 0.7265208471441729,
  "diagnostics_collected": true,
  "theoretical_bits": 126552.84659785223,
  "core_model_theoretical_bits": 126552.84659785223,
  "theoretical_bits_per_base": 1.7173912876800097,
  "core_theoretical_bits_per_base": 1.7173912876800097,
  "lm_only_theoretical_bits": 126302.3505059525,
  "lm_only_theoretical_bits_per_base": 1.7139919188203463,
  "nc_prefix_only_theoretical_bits": 136124.16983449942,
  "nc_prefix_only_theoretical_bits_per_base": 1.8472793745945721,
  "arithmetic_coded_bytes": 15835,
  "arithmetic_bits_per_base": 1.7191168288346972,
  "arithmetic_stream_count": 24,
  "emitted_arithmetic_symbol_count": 73689,
  "compression_process_seconds": 15.439883011000347,
  "compression_core_seconds": 15.422086620999835,
  "compression_bases_per_second": 4772.639789271674,
  "model_seconds": 12.139287816973592,
  "lm_factorize_seconds": 2.530241685031797,
  "lm_probability_transfer_seconds": 0.10278816998652474,
  "native_fused_encode_seconds_observed": 1.0348823449694464,
  "native_fused_encode_seconds": 1.0156988649999994,
  "native_finish_seconds": 2.5811e-05,
  "streaming_async_enabled": true,
  "streaming_async_jobs": 1024,
  "streaming_cpu_wait_for_gpu_seconds": 0.6262754529761878,
  "streaming_gpu_queue_wait_seconds": 0.011556256993571878,
  "streaming_ring_buffer_depth_tokens": 2,
  "nc_predict_wait_seconds": null,
  "lm_wait_seconds": null,
  "fusion_update_seconds": null,
  "nc_predict_seconds": null,
  "pipeline_depth_lag_max": 0,
  "nc_prefix_prepare_seconds": 0.0,
  "nc_prefix_predict_seconds": null,
  "fusion_seconds": null,
  "arithmetic_quantize_seconds": null,
  "arithmetic_range_seconds": null,
  "nc_prefix_backend": "streaming_token_native",
  "nc_prefix_metadata": {
    "batch_scope": "per_window_batch_independent_nc_prefix_state",
    "batch_count": 1,
    "batch_size": 8192,
    "tail_batch_window_count": 24,
    "hash_bucket_count_config": 0,
    "chunk_summaries": [
      {
        "chunk_index": 0,
        "window_start": 0,
        "window_end": 24,
        "window_count": 24,
        "core_bases": 73689,
        "arithmetic_coded_bytes": 15835,
        "emitted_arithmetic_symbol_count": 73689,
        "fusion_final_mean_lm_weight": 0.7265208471441729,
        "diagnostics_collected": true,
        "core_theoretical_bits_per_base": 1.7173912876800097,
        "lm_only_theoretical_bits_per_base": 1.7139919188203463,
        "nc_prefix_only_theoretical_bits_per_base": 1.8472793745945721,
        "model_seconds": 12.139287816973592,
        "lm_factorize_seconds": 2.530241685031797,
        "lm_probability_transfer_seconds": 0.10278816998652474,
        "native_fused_encode_seconds_observed": 1.0348823449694464,
        "native_fused_encode_seconds": 1.0156988649999994,
        "native_finish_seconds": 2.5811e-05,
        "streaming_async_jobs": 1024,
        "streaming_gpu_queue_wait_seconds": 0.011556256993571878,
        "nc_prefix_window_count": 24,
        "nc_prefix_hash_bucket_count": 33554471,
        "nc_prefix_pipeline_block_windows": 64
      }
    ]
  },
  "arithmetic_frequency_total": 32768,
  "arithmetic_vocab_size": 4,
  "arithmetic_target_uniform_mass": 0.01,
  "arithmetic_effective_uniform_mass": 0.0001220703125,
  "compression_max_memory_allocated_gb": 1.716078281402588,
  "compression_memory_reserved_gb": 4.994140625,
  "ascii_bytes": 73689,
  "two_bit_pack_bytes": 18423,
  "gzip_bytes": null,
  "bz2_bytes": null,
  "lzma_bytes": null,
  "run_dir": "outputs/dna_megabyte_large_opengenome2_9",
  "checkpoint": "outputs/dna_megabyte_large_opengenome2_9/best.pt",
  "checkpoint_metadata": {
    "step": 5600000,
    "best_val_bpb": 1.6551569191473623,
    "epoch": 1,
    "data_state": {
      "schema_version": 1,
      "train": {
        "dataset_kind": "indexed_source_batch_stream",
        "completed_global_steps": 5600000,
        "batches_per_epoch": 6951890,
        "current_epoch_index": 0,
        "current_epoch": 1,
        "current_batch_index_in_epoch": 5599999,
        "next_epoch_index": 0,
        "next_epoch": 1,
        "next_batch_index_in_epoch": 5600000
      }
    }
  },
  "source_file": "datasets/DNACorpus/YeMi",
  "source_format": "raw",
  "device": "cuda:1",
  "dtype": "float16",
  "max_bases": null,
  "fast_runtime": false,
  "skip_codec_baselines": true
}
